\BOOKMARK [1][]{section.1}{\376\377\0001\000\040\225\356\230\230\221\315\217\360\116\016\136\372\152\041\166\356\150\007}{}% 1
\BOOKMARK [1][]{section.2}{\376\377\0002\000\040\145\160\143\156\060\001\120\107\213\276\116\016\123\357\213\241\173\227\140\047\133\241\213\241}{}% 2
\BOOKMARK [2][]{subsection.2.1}{\376\377\0002\000.\0001\000\040\145\160\143\156\116\016\217\271\165\114}{section.2}% 3
\BOOKMARK [2][]{subsection.2.2}{\376\377\0002\000.\0002\000\040\152\041\127\213\120\107\213\276}{section.2}% 4
\BOOKMARK [1][]{section.3}{\376\377\0003\000\040\173\046\123\367\213\364\146\016}{}% 5
\BOOKMARK [1][]{section.4}{\376\377\0004\000\040\160\355\156\177\200\046\124\010\152\041\127\213}{}% 6
\BOOKMARK [2][]{subsection.4.1}{\376\377\0004\000.\0001\000\040\126\372\133\232\127\337\217\164\133\371\171\360\145\271\172\013}{section.4}% 7
\BOOKMARK [2][]{subsection.4.2}{\376\377\0004\000.\0002\000\040\133\210\140\122\171\273\145\143\116\016\116\213\116\366\122\044\143\156}{section.4}% 8
\BOOKMARK [1][]{section.5}{\376\377\0005\000\040\225\356\230\230\116\000\377\032\167\355\145\366\116\214\176\364\127\372\176\277}{}% 9
\BOOKMARK [1][]{section.6}{\376\377\0006\000\040\225\356\230\230\116\214\377\032\121\205\220\350\156\051\136\246\127\072\116\013\166\204\000\040\0003\000\040\000h\000\040\217\307\172\013}{}% 10
\BOOKMARK [2][]{subsection.6.1}{\376\377\0006\000.\0001\000\040\156\051\136\246\127\072\176\323\147\234}{section.6}% 11
\BOOKMARK [2][]{subsection.6.2}{\376\377\0006\000.\0002\000\040\124\053\154\064\163\207\122\126\227\142\116\016\215\357\176\277\133\371\161\147}{section.6}% 12
\BOOKMARK [1][]{section.7}{\376\377\0007\000\040\225\356\230\230\116\011\377\032\126\372\133\232\127\337\121\150\127\337\217\276\150\007\145\366\225\364}{}% 13
\BOOKMARK [1][]{section.8}{\376\377\0008\000\040\225\356\230\230\126\333\377\032\145\066\177\051\171\373\122\250\127\337\116\013\166\204\217\276\150\007\145\366\225\364}{}% 14
\BOOKMARK [1][]{section.9}{\376\377\0009\000\040\145\160\120\074\150\300\232\214\060\001\134\100\226\120\116\016\176\323\213\272}{}% 15
\BOOKMARK [2][]{subsection.9.1}{\376\377\0009\000.\0001\000\040\133\210\140\122\116\016\153\213\135\356}{section.9}% 16
\BOOKMARK [2][]{subsection.9.2}{\376\377\0009\000.\0002\000\040\134\100\226\120\116\016\177\072\131\061\145\160\143\156}{section.9}% 17
\BOOKMARK [2][]{subsection.9.3}{\376\377\0009\000.\0003\000\040\176\323\213\272}{section.9}% 18
\BOOKMARK [1][]{section*.13}{\376\377\123\302\200\003\145\207\163\056}{}% 19
\BOOKMARK [1][]{section.1.A}{\376\377\226\104\137\125\000\040\000A\000\040\213\241\173\227\116\016\126\376\116\366\145\207\116\366}{}% 20
\BOOKMARK [1][]{section.1.B}{\376\377\226\104\137\125\000\040\000B\000\040\150\070\137\303\172\013\136\217\377\010\202\202\220\011\377\011}{}% 21
\BOOKMARK [2][]{subsection.1.B.1}{\376\377\000B\000.\0001\000\040\156\051\136\246\127\072\154\102\211\343\126\150}{section.1.B}% 22
\BOOKMARK [2][]{subsection.1.B.2}{\376\377\000B\000.\0002\000\040\142\171\221\317\217\320\210\114\201\032\147\054}{section.1.B}% 23
\BOOKMARK [2][]{subsection.1.B.3}{\376\377\000B\000.\0003\000\040\176\323\147\234\126\372\123\026\201\032\147\054}{section.1.B}% 24
\BOOKMARK [2][]{subsection.1.B.4}{\376\377\000B\000.\0004\000\040\126\376\116\366\201\032\147\054}{section.1.B}% 25
